--------------------------------------------------------------------------------------
Timing Analyzer Summary
--------------------------------------------------------------------------------------

Type           : Worst-case tsu
Slack          : N/A
Required Time  : None
Actual Time    : 4.641 ns
From           : LA_DATA_IN[6]
To             : lpm_dff4:inst24|lpm_ff:lpm_ff_component|dffs[6]
From Clock     : --
To Clock       : IN_CLK
Failed Paths   : 0

Type           : Worst-case tco
Slack          : N/A
Required Time  : None
Actual Time    : 14.654 ns
From           : Registers:inst|Start_Write_s
To             : SRAM_CE
From Clock     : IN_CLK
To Clock       : --
Failed Paths   : 0

Type           : Worst-case tpd
Slack          : N/A
Required Time  : None
Actual Time    : 27.884 ns
From           : RS
To             : MCU_DATA[2]
From Clock     : --
To Clock       : --
Failed Paths   : 0

Type           : Worst-case th
Slack          : N/A
Required Time  : None
Actual Time    : -0.986 ns
From           : LA_DATA_IN[2]
To             : lpm_dff4:inst24|lpm_ff:lpm_ff_component|dffs[2]
From Clock     : --
To Clock       : IN_CLK
Failed Paths   : 0

Type           : Clock Setup: 'IN_CLK'
Slack          : 1.158 ns
Required Time  : 80.00 MHz ( period = 12.500 ns )
Actual Time    : 88.17 MHz ( period = 11.342 ns )
From           : MIN_MAX:inst38|DATA_REG[2]
To             : Synchronization:inst4|trigger:trigger_1|last_event_reg
From Clock     : IN_CLK
To Clock       : IN_CLK
Failed Paths   : 0

Type           : Clock Hold: 'IN_CLK'
Slack          : 1.375 ns
Required Time  : 80.00 MHz ( period = 12.500 ns )
Actual Time    : N/A
From           : Registers:inst|STR
To             : Registers:inst|Start_Write_s
From Clock     : IN_CLK
To Clock       : IN_CLK
Failed Paths   : 0

Type           : Total number of failed paths
Slack          : 
Required Time  : 
Actual Time    : 
From           : 
To             : 
From Clock     : 
To Clock       : 
Failed Paths   : 0

--------------------------------------------------------------------------------------

